{
    "Function": "__read_expected",
    "astEdges": [
        [
            4,
            6
        ],
        [
            4,
            7
        ],
        [
            4,
            8
        ],
        [
            4,
            30
        ],
        [
            4,
            5
        ],
        [
            4,
            21
        ],
        [
            4,
            28
        ],
        [
            8,
            9
        ],
        [
            8,
            15
        ],
        [
            8,
            10
        ],
        [
            0,
            4
        ],
        [
            0,
            3
        ],
        [
            0,
            2
        ],
        [
            0,
            1
        ],
        [
            0,
            32
        ],
        [
            21,
            22
        ],
        [
            21,
            23
        ],
        [
            10,
            12
        ],
        [
            10,
            11
        ],
        [
            18,
            19
        ],
        [
            12,
            13
        ],
        [
            30,
            31
        ],
        [
            28,
            29
        ],
        [
            23,
            24
        ],
        [
            23,
            27
        ],
        [
            23,
            26
        ],
        [
            23,
            25
        ],
        [
            19,
            20
        ],
        [
            16,
            18
        ],
        [
            16,
            17
        ],
        [
            15,
            16
        ],
        [
            13,
            14
        ]
    ],
    "candidateNodeList": [
        9,
        11,
        14,
        17,
        20,
        22,
        24,
        25,
        26,
        27,
        29,
        31
    ],
    "cfgEdges": [
        [
            0,
            19
        ],
        [
            0,
            13
        ],
        [
            21,
            28
        ],
        [
            10,
            23
        ],
        [
            18,
            16
        ],
        [
            12,
            10
        ],
        [
            30,
            32
        ],
        [
            28,
            30
        ],
        [
            23,
            21
        ],
        [
            19,
            18
        ],
        [
            16,
            23
        ],
        [
            13,
            12
        ]
    ],
    "ddgEdges": [
        [
            0,
            23
        ],
        [
            0,
            16
        ],
        [
            0,
            10
        ],
        [
            0,
            21
        ],
        [
            0,
            28
        ],
        [
            21,
            30
        ],
        [
            21,
            32
        ],
        [
            21,
            32
        ],
        [
            10,
            23
        ],
        [
            10,
            32
        ],
        [
            18,
            16
        ],
        [
            18,
            32
        ],
        [
            12,
            10
        ],
        [
            12,
            32
        ],
        [
            30,
            32
        ],
        [
            28,
            32
        ],
        [
            28,
            32
        ],
        [
            23,
            28
        ],
        [
            23,
            21
        ],
        [
            23,
            21
        ],
        [
            23,
            21
        ],
        [
            23,
            21
        ],
        [
            23,
            32
        ],
        [
            23,
            32
        ],
        [
            23,
            32
        ],
        [
            16,
            32
        ],
        [
            16,
            23
        ]
    ],
    "ncsEdges": [
        [
            1,
            2
        ],
        [
            2,
            3
        ],
        [
            3,
            5
        ],
        [
            5,
            6
        ],
        [
            6,
            7
        ],
        [
            7,
            9
        ],
        [
            9,
            11
        ],
        [
            11,
            14
        ],
        [
            14,
            17
        ],
        [
            17,
            20
        ],
        [
            20,
            22
        ],
        [
            22,
            24
        ],
        [
            24,
            25
        ],
        [
            25,
            26
        ],
        [
            26,
            27
        ],
        [
            27,
            29
        ],
        [
            29,
            31
        ]
    ],
    "nodeList": {
        "0": "METHOD",
        "1": "PARAM",
        "2": "PARAM",
        "3": "PARAM",
        "4": "BLOCK",
        "5": "LOCAL",
        "6": "LOCAL",
        "7": "LOCAL",
        "8": "CONTROL_STRUCTURE",
        "9": "newline_ok",
        "10": "<operator>.assignment",
        "11": "type",
        "12": "read_token",
        "13": "<operator>.addressOf",
        "14": "token",
        "15": "CONTROL_STRUCTURE",
        "16": "<operator>.assignment",
        "17": "type",
        "18": "read_token_item",
        "19": "<operator>.addressOf",
        "20": "token",
        "21": "<operator>.assignment",
        "22": "ret",
        "23": "test_type_token",
        "24": "type",
        "25": "token",
        "26": "expect",
        "27": "str",
        "28": "free_token",
        "29": "token",
        "30": "RETURN",
        "31": "ret",
        "32": "METHOD_RETURN"
    }
}